// Jest Snapshot v1, https://goo.gl/fbAQLP

exports[`renders correctly 1`] = `
<View
  collapsable={false}
  style={
    Object {
      "alignSelf": "center",
      "backgroundColor": "#ffffff",
      "borderRadius": 10,
      "elevation": 4,
      "height": 150,
      "marginVertical": 20,
      "maxWidth": 700,
      "paddingHorizontal": 15,
      "paddingVertical": 10,
      "shadowColor": "#000000",
      "shadowOffset": Object {
        "height": 3,
        "width": 0,
      },
      "shadowOpacity": 0.24,
      "shadowRadius": 4,
      "width": 400,
    }
  }
>
  <View
    style={
      Object {
        "borderBottomColor": "#7e7e7e",
        "borderBottomWidth": 1.25,
        "flexDirection": "row",
        "justifyContent": "space-between",
      }
    }
  >
    <Text
      style={
        Array [
          Object {
            "color": "#000000",
            "fontFamily": "System",
            "fontWeight": "400",
          },
          Object {
            "textAlign": "left",
          },
          Array [
            Object {
              "textAlign": "left",
            },
            Object {
              "color": "rgba(0, 0, 0, 0.87)",
              "fontFamily": "System",
              "fontWeight": "500",
              "writingDirection": "ltr",
            },
            Array [
              Object {
                "fontSize": 20,
                "letterSpacing": 0.15,
                "lineHeight": 30,
                "marginVertical": 2,
              },
              undefined,
            ],
          ],
        ]
      }
    >
      Amazing Title
    </Text>
    <Text
      style={
        Array [
          Object {
            "color": "#000000",
            "fontFamily": "System",
            "fontWeight": "400",
          },
          Object {
            "textAlign": "left",
          },
          Array [
            Object {
              "textAlign": "left",
            },
            Object {
              "color": "rgba(0, 0, 0, 0.87)",
              "fontFamily": "System",
              "fontWeight": "500",
              "writingDirection": "ltr",
            },
            Array [
              Object {
                "fontSize": 20,
                "letterSpacing": 0.15,
                "lineHeight": 30,
                "marginVertical": 2,
              },
              undefined,
            ],
          ],
        ]
      }
    >
      üòÅ
    </Text>
  </View>
  <View
    style={
      Object {
        "flex": 1,
        "flexDirection": "column",
        "justifyContent": "space-between",
      }
    }
  >
    <View
      style={
        Object {
          "flex": 1,
          "flexDirection": "column",
          "justifyContent": "space-between",
        }
      }
    >
      <View
        style={
          Object {
            "alignItems": "flex-start",
            "flexDirection": "row",
            "flexWrap": "wrap",
            "justifyContent": "flex-start",
            "marginBottom": 10,
            "marginTop": 10,
            "width": "100%",
          }
        }
      >
        <Text
          style={
            Array [
              Object {
                "color": "#000000",
                "fontFamily": "System",
                "fontWeight": "400",
              },
              Object {
                "textAlign": "left",
              },
              Array [
                Object {
                  "textAlign": "left",
                },
                Object {
                  "color": "rgba(0, 0, 0, 0.87)",
                  "fontFamily": "System",
                  "fontWeight": "400",
                  "writingDirection": "ltr",
                },
                Array [
                  Object {
                    "fontSize": 14,
                    "letterSpacing": 0.25,
                    "lineHeight": 20,
                    "marginVertical": 2,
                  },
                  Object {},
                ],
              ],
            ]
          }
        >
          <Text
            style={
              Array [
                Object {
                  "color": "#000000",
                  "fontFamily": "System",
                  "fontWeight": "400",
                },
                Object {
                  "textAlign": "left",
                },
                Array [
                  Object {
                    "textAlign": "left",
                  },
                  Object {
                    "color": "rgba(0, 0, 0, 0.87)",
                    "fontFamily": "System",
                    "fontWeight": "400",
                    "writingDirection": "ltr",
                  },
                  Array [
                    Object {
                      "fontSize": 14,
                      "letterSpacing": 0.25,
                      "lineHeight": 20,
                      "marginVertical": 2,
                    },
                    Array [
                      Object {},
                      Object {},
                    ],
                  ],
                ],
              ]
            }
          >
            Test some 
          </Text>
          <Text
            style={
              Array [
                Object {
                  "color": "#000000",
                  "fontFamily": "System",
                  "fontWeight": "400",
                },
                Object {
                  "textAlign": "left",
                },
                Array [
                  Object {
                    "textAlign": "left",
                  },
                  Object {
                    "color": "rgba(0, 0, 0, 0.87)",
                    "fontFamily": "System",
                    "fontWeight": "400",
                    "writingDirection": "ltr",
                  },
                  Array [
                    Object {
                      "fontSize": 14,
                      "letterSpacing": 0.25,
                      "lineHeight": 20,
                      "marginVertical": 2,
                    },
                    Object {
                      "fontWeight": "bold",
                    },
                  ],
                ],
              ]
            }
          >
            <Text
              style={
                Array [
                  Object {
                    "color": "#000000",
                    "fontFamily": "System",
                    "fontWeight": "400",
                  },
                  Object {
                    "textAlign": "left",
                  },
                  Array [
                    Object {
                      "textAlign": "left",
                    },
                    Object {
                      "color": "rgba(0, 0, 0, 0.87)",
                      "fontFamily": "System",
                      "fontWeight": "400",
                      "writingDirection": "ltr",
                    },
                    Array [
                      Object {
                        "fontSize": 14,
                        "letterSpacing": 0.25,
                        "lineHeight": 20,
                        "marginVertical": 2,
                      },
                      Array [
                        Object {
                          "fontWeight": "bold",
                        },
                        Object {},
                      ],
                    ],
                  ],
                ]
              }
            >
              bold
            </Text>
          </Text>
          <Text
            style={
              Array [
                Object {
                  "color": "#000000",
                  "fontFamily": "System",
                  "fontWeight": "400",
                },
                Object {
                  "textAlign": "left",
                },
                Array [
                  Object {
                    "textAlign": "left",
                  },
                  Object {
                    "color": "rgba(0, 0, 0, 0.87)",
                    "fontFamily": "System",
                    "fontWeight": "400",
                    "writingDirection": "ltr",
                  },
                  Array [
                    Object {
                      "fontSize": 14,
                      "letterSpacing": 0.25,
                      "lineHeight": 20,
                      "marginVertical": 2,
                    },
                    Array [
                      Object {},
                      Object {},
                    ],
                  ],
                ],
              ]
            }
          >
            , 
          </Text>
          <Text
            style={
              Array [
                Object {
                  "color": "#000000",
                  "fontFamily": "System",
                  "fontWeight": "400",
                },
                Object {
                  "textAlign": "left",
                },
                Array [
                  Object {
                    "textAlign": "left",
                  },
                  Object {
                    "color": "rgba(0, 0, 0, 0.87)",
                    "fontFamily": "System",
                    "fontWeight": "400",
                    "writingDirection": "ltr",
                  },
                  Array [
                    Object {
                      "fontSize": 14,
                      "letterSpacing": 0.25,
                      "lineHeight": 20,
                      "marginVertical": 2,
                    },
                    Object {
                      "fontStyle": "italic",
                    },
                  ],
                ],
              ]
            }
          >
            <Text
              style={
                Array [
                  Object {
                    "color": "#000000",
                    "fontFamily": "System",
                    "fontWeight": "400",
                  },
                  Object {
                    "textAlign": "left",
                  },
                  Array [
                    Object {
                      "textAlign": "left",
                    },
                    Object {
                      "color": "rgba(0, 0, 0, 0.87)",
                      "fontFamily": "System",
                      "fontWeight": "400",
                      "writingDirection": "ltr",
                    },
                    Array [
                      Object {
                        "fontSize": 14,
                        "letterSpacing": 0.25,
                        "lineHeight": 20,
                        "marginVertical": 2,
                      },
                      Array [
                        Object {
                          "fontStyle": "italic",
                        },
                        Object {},
                      ],
                    ],
                  ],
                ]
              }
            >
              italic
            </Text>
          </Text>
          <Text
            style={
              Array [
                Object {
                  "color": "#000000",
                  "fontFamily": "System",
                  "fontWeight": "400",
                },
                Object {
                  "textAlign": "left",
                },
                Array [
                  Object {
                    "textAlign": "left",
                  },
                  Object {
                    "color": "rgba(0, 0, 0, 0.87)",
                    "fontFamily": "System",
                    "fontWeight": "400",
                    "writingDirection": "ltr",
                  },
                  Array [
                    Object {
                      "fontSize": 14,
                      "letterSpacing": 0.25,
                      "lineHeight": 20,
                      "marginVertical": 2,
                    },
                    Array [
                      Object {},
                      Object {},
                    ],
                  ],
                ],
              ]
            }
          >
            , and 
          </Text>
          <Text
            style={
              Array [
                Object {
                  "color": "#000000",
                  "fontFamily": "System",
                  "fontWeight": "400",
                },
                Object {
                  "textAlign": "left",
                },
                Array [
                  Object {
                    "textAlign": "left",
                  },
                  Object {
                    "color": "rgba(0, 0, 0, 0.87)",
                    "fontFamily": "System",
                    "fontWeight": "400",
                    "writingDirection": "ltr",
                  },
                  Array [
                    Object {
                      "fontSize": 14,
                      "letterSpacing": 0.25,
                      "lineHeight": 20,
                      "marginVertical": 2,
                    },
                    Object {
                      "fontWeight": "bold",
                    },
                  ],
                ],
              ]
            }
          >
            <Text
              style={
                Array [
                  Object {
                    "color": "#000000",
                    "fontFamily": "System",
                    "fontWeight": "400",
                  },
                  Object {
                    "textAlign": "left",
                  },
                  Array [
                    Object {
                      "textAlign": "left",
                    },
                    Object {
                      "color": "rgba(0, 0, 0, 0.87)",
                      "fontFamily": "System",
                      "fontWeight": "400",
                      "writingDirection": "ltr",
                    },
                    Array [
                      Object {
                        "fontSize": 14,
                        "letterSpacing": 0.25,
                        "lineHeight": 20,
                        "marginVertical": 2,
                      },
                      Array [
                        Object {
                          "fontWeight": "bold",
                        },
                        Object {},
                      ],
                    ],
                  ],
                ]
              }
            >
              both
            </Text>
          </Text>
          <Text
            style={
              Array [
                Object {
                  "color": "#000000",
                  "fontFamily": "System",
                  "fontWeight": "400",
                },
                Object {
                  "textAlign": "left",
                },
                Array [
                  Object {
                    "textAlign": "left",
                  },
                  Object {
                    "color": "rgba(0, 0, 0, 0.87)",
                    "fontFamily": "System",
                    "fontWeight": "400",
                    "writingDirection": "ltr",
                  },
                  Array [
                    Object {
                      "fontSize": 14,
                      "letterSpacing": 0.25,
                      "lineHeight": 20,
                      "marginVertical": 2,
                    },
                    Array [
                      Object {},
                      Object {},
                    ],
                  ],
                ],
              ]
            }
          >
             and 
          </Text>
          <Text
            onPress={[Function]}
            style={
              Array [
                Object {
                  "color": "#000000",
                  "fontFamily": "System",
                  "fontWeight": "400",
                },
                Object {
                  "textAlign": "left",
                },
                Array [
                  Object {
                    "textAlign": "left",
                  },
                  Object {
                    "color": "rgba(0, 0, 0, 0.87)",
                    "fontFamily": "System",
                    "fontWeight": "400",
                    "writingDirection": "ltr",
                  },
                  Array [
                    Object {
                      "fontSize": 14,
                      "letterSpacing": 0.25,
                      "lineHeight": 20,
                      "marginVertical": 2,
                    },
                    Object {
                      "color": "#4286f4",
                      "textDecorationLine": "underline",
                    },
                  ],
                ],
              ]
            }
          >
            <Text
              style={
                Array [
                  Object {
                    "color": "#000000",
                    "fontFamily": "System",
                    "fontWeight": "400",
                  },
                  Object {
                    "textAlign": "left",
                  },
                  Array [
                    Object {
                      "textAlign": "left",
                    },
                    Object {
                      "color": "rgba(0, 0, 0, 0.87)",
                      "fontFamily": "System",
                      "fontWeight": "400",
                      "writingDirection": "ltr",
                    },
                    Array [
                      Object {
                        "fontSize": 14,
                        "letterSpacing": 0.25,
                        "lineHeight": 20,
                        "marginVertical": 2,
                      },
                      Array [
                        Object {
                          "color": "#4286f4",
                          "textDecorationLine": "underline",
                        },
                        Object {},
                      ],
                    ],
                  ],
                ]
              }
            >
              links
            </Text>
          </Text>
          <Text
            style={
              Array [
                Object {
                  "color": "#000000",
                  "fontFamily": "System",
                  "fontWeight": "400",
                },
                Object {
                  "textAlign": "left",
                },
                Array [
                  Object {
                    "textAlign": "left",
                  },
                  Object {
                    "color": "rgba(0, 0, 0, 0.87)",
                    "fontFamily": "System",
                    "fontWeight": "400",
                    "writingDirection": "ltr",
                  },
                  Array [
                    Object {
                      "fontSize": 14,
                      "letterSpacing": 0.25,
                      "lineHeight": 20,
                      "marginVertical": 2,
                    },
                    Array [
                      Object {},
                      Object {},
                    ],
                  ],
                ],
              ]
            }
          >
            !
          </Text>
        </Text>
      </View>
    </View>
    <Text
      style={
        Array [
          Object {
            "color": "#000000",
            "fontFamily": "System",
            "fontWeight": "400",
          },
          Object {
            "textAlign": "left",
          },
          Array [
            Object {
              "textAlign": "left",
            },
            Object {
              "color": "rgba(0, 0, 0, 0.54)",
              "fontFamily": "System",
              "fontWeight": "400",
              "writingDirection": "ltr",
            },
            Array [
              Object {
                "fontSize": 12,
                "letterSpacing": 0.4,
                "lineHeight": 20,
                "marginVertical": 2,
              },
              Object {
                "flex": 0,
                "textAlign": "right",
              },
            ],
          ],
        ]
      }
    >
      Posted
       
      17/6/2022
    </Text>
  </View>
</View>
`;
