// Jest Snapshot v1, https://goo.gl/fbAQLP

exports[`renders correctly 1`] = `
<View
  collapsable={false}
  style={
    Object {
      "backgroundColor": "#ffffff",
      "borderRadius": 10,
      "elevation": 4,
      "height": 150,
      "minWidth": 300,
      "paddingHorizontal": 15,
      "paddingVertical": 10,
      "shadowColor": "#000000",
      "shadowOffset": Object {
        "height": 3,
        "width": 0,
      },
      "shadowOpacity": 0.24,
      "shadowRadius": 4,
    }
  }
>
  <View
    style={
      Object {
        "borderBottomWidth": 1,
        "flexDirection": "row",
        "justifyContent": "space-between",
      }
    }
  >
    <Text
      style={
        Array [
          Object {
            "color": "#000000",
            "fontFamily": "System",
            "fontWeight": "400",
          },
          Object {
            "textAlign": "left",
          },
          Array [
            Object {
              "textAlign": "left",
            },
            Object {
              "color": "rgba(0, 0, 0, 0.87)",
              "fontFamily": "System",
              "fontWeight": "500",
              "writingDirection": "ltr",
            },
            Array [
              Object {
                "fontSize": 20,
                "letterSpacing": 0.15,
                "lineHeight": 30,
                "marginVertical": 2,
              },
              undefined,
            ],
          ],
        ]
      }
    >
      Amazing Title
    </Text>
    <Text
      style={
        Array [
          Object {
            "color": "#000000",
            "fontFamily": "System",
            "fontWeight": "400",
          },
          Object {
            "textAlign": "left",
          },
          Array [
            Object {
              "textAlign": "left",
            },
            Object {
              "color": "rgba(0, 0, 0, 0.87)",
              "fontFamily": "System",
              "fontWeight": "500",
              "writingDirection": "ltr",
            },
            Array [
              Object {
                "fontSize": 20,
                "letterSpacing": 0.15,
                "lineHeight": 30,
                "marginVertical": 2,
              },
              undefined,
            ],
          ],
        ]
      }
    >
      üòÅ
    </Text>
  </View>
  <View
    style={Object {}}
  >
    <View
      style={
        Object {
          "alignItems": "flex-start",
          "flexDirection": "row",
          "flexWrap": "wrap",
          "justifyContent": "flex-start",
          "marginBottom": 10,
          "marginTop": 10,
          "width": "100%",
        }
      }
    >
      <Text
        style={
          Array [
            Object {
              "color": "#000000",
              "fontFamily": "System",
              "fontWeight": "400",
            },
            Object {
              "textAlign": "left",
            },
            Object {},
          ]
        }
      >
        <Text
          style={
            Array [
              Object {
                "color": "#000000",
                "fontFamily": "System",
                "fontWeight": "400",
              },
              Object {
                "textAlign": "left",
              },
              Array [
                Object {},
                Object {},
              ],
            ]
          }
        >
          Test some 
        </Text>
        <Text
          style={
            Array [
              Object {
                "color": "#000000",
                "fontFamily": "System",
                "fontWeight": "400",
              },
              Object {
                "textAlign": "left",
              },
              Object {
                "fontWeight": "bold",
              },
            ]
          }
        >
          <Text
            style={
              Array [
                Object {
                  "color": "#000000",
                  "fontFamily": "System",
                  "fontWeight": "400",
                },
                Object {
                  "textAlign": "left",
                },
                Array [
                  Object {
                    "fontWeight": "bold",
                  },
                  Object {},
                ],
              ]
            }
          >
            bold
          </Text>
        </Text>
        <Text
          style={
            Array [
              Object {
                "color": "#000000",
                "fontFamily": "System",
                "fontWeight": "400",
              },
              Object {
                "textAlign": "left",
              },
              Array [
                Object {},
                Object {},
              ],
            ]
          }
        >
          , 
        </Text>
        <Text
          style={
            Array [
              Object {
                "color": "#000000",
                "fontFamily": "System",
                "fontWeight": "400",
              },
              Object {
                "textAlign": "left",
              },
              Object {
                "fontStyle": "italic",
              },
            ]
          }
        >
          <Text
            style={
              Array [
                Object {
                  "color": "#000000",
                  "fontFamily": "System",
                  "fontWeight": "400",
                },
                Object {
                  "textAlign": "left",
                },
                Array [
                  Object {
                    "fontStyle": "italic",
                  },
                  Object {},
                ],
              ]
            }
          >
            italic
          </Text>
        </Text>
        <Text
          style={
            Array [
              Object {
                "color": "#000000",
                "fontFamily": "System",
                "fontWeight": "400",
              },
              Object {
                "textAlign": "left",
              },
              Array [
                Object {},
                Object {},
              ],
            ]
          }
        >
          , and 
        </Text>
        <Text
          style={
            Array [
              Object {
                "color": "#000000",
                "fontFamily": "System",
                "fontWeight": "400",
              },
              Object {
                "textAlign": "left",
              },
              Object {
                "fontWeight": "bold",
              },
            ]
          }
        >
          <Text
            style={
              Array [
                Object {
                  "color": "#000000",
                  "fontFamily": "System",
                  "fontWeight": "400",
                },
                Object {
                  "textAlign": "left",
                },
                Array [
                  Object {
                    "fontWeight": "bold",
                  },
                  Object {},
                ],
              ]
            }
          >
            both
          </Text>
        </Text>
        <Text
          style={
            Array [
              Object {
                "color": "#000000",
                "fontFamily": "System",
                "fontWeight": "400",
              },
              Object {
                "textAlign": "left",
              },
              Array [
                Object {},
                Object {},
              ],
            ]
          }
        >
           and 
        </Text>
        <Text
          onPress={[Function]}
          style={
            Array [
              Object {
                "color": "#000000",
                "fontFamily": "System",
                "fontWeight": "400",
              },
              Object {
                "textAlign": "left",
              },
              Object {
                "textDecorationLine": "underline",
              },
            ]
          }
        >
          <Text
            style={
              Array [
                Object {
                  "color": "#000000",
                  "fontFamily": "System",
                  "fontWeight": "400",
                },
                Object {
                  "textAlign": "left",
                },
                Array [
                  Object {
                    "textDecorationLine": "underline",
                  },
                  Object {},
                ],
              ]
            }
          >
            links
          </Text>
        </Text>
        <Text
          style={
            Array [
              Object {
                "color": "#000000",
                "fontFamily": "System",
                "fontWeight": "400",
              },
              Object {
                "textAlign": "left",
              },
              Array [
                Object {},
                Object {},
              ],
            ]
          }
        >
          !
        </Text>
      </Text>
    </View>
  </View>
</View>
`;
